npm warn Unknown project config "public-hoist-pattern". This will stop working in the next major version of npm.

> build
> vite build

vite v8.0.8 building client environment for production...
[2Ktransforming...✓ 2230 modules transformed.
[lightningcss minify] Unknown at rule: @tailwind
1  |  @tailwind base;
   |           ^
2  |  @tailwind components;
3  |  @tailwind utilities;
[lightningcss minify] Unknown at rule: @tailwind
1  |  @tailwind base;
2  |  @tailwind components;
   |           ^
3  |  @tailwind utilities;
4  |  
[lightningcss minify] Unknown at rule: @tailwind
1  |  @tailwind base;
2  |  @tailwind components;
3  |  @tailwind utilities;
   |           ^
4  |  
rendering chunks...
computing gzip size...
public/build/manifest.json              0.19 kB │ gzip:   0.15 kB
public/build/assets/app-C6G_3qQV.css    0.05 kB │ gzip:   0.06 kB
public/build/assets/app-HKD2O350.js   485.03 kB │ gzip: 147.96 kB

✓ built in 721ms
